            <dt>ember</dt><dd>Core project repository (pulls in all other core repositories as submodules)</dd>
            <dt>ember-information-technology-environment</dt><dd><a href="/information-technology">Information technology environment</a></dd>
            <dt>ember-library</dt><dd><a href="/library">Library</a></dd>
            <dt>ember-library-2</dt><dd><a href="/library">Library</a>: Section 2 (not publicly available at this <time></time>)</dd>
            <dt>ember-web-site</dt><dd>This Web site</dd>
        </dl>

    <h3>Satellite projects</h3>
        <dl>
            <dt>BeHeMMOth</dt><dd><a href="/ancillary/wreathe/">Wreathe</a>: bullet hell MMO computer game</dd>
            <dt>compiz-extra-snowflake-textures</dt><dd><a href="/ancillary/wreathe/">Wreathe</a>: textures for use with the Compiz-Reloaded window manager</dd>
            <dt>compiz-plugins-community</dt><dd><a href="/ancillary/wreathe/">Wreathe</a>: Additional plugins for the Compiz-Reloaded window manager</dd>
            <dt>compiz-reloaded-overlay</dt><dd><a href="/ancillary/wreathe/">Wreathe</a>: Code used to build the Compiz-Reloaded window manager</dd>
            <dt>crystallize</dt><dd><a href="/ancillary/crystallize/">Crystallize</a></dd>
            <dt>curl-phpmyadmin</dt><dd><a href="/ancillary/wreathe/">Wreathe</a>: Tool to export MySQL data from PHPMyAdmin using curl</dd>
            <dt>ember-meta</dt><dd>Ember meta-repository (pulls in all other repositories as submodules)</dd>
            <dt>ember-history</dt><dd><a href="/ancillary/ember-history/">Ember History</a>: meta-repository containing repositories and data that are no longer used by Ember</dd>
            <dt>ember-satellite-projects</dt><dd>Satellite projects meta-repository (pulls in all other satellite repositories as submodules)</dd>
            <dt>ember-shared</dt><dd>Code shared between various Ember software</dd>
            <dt>ember-web-site-snapshots</dt><dd>Snapshots of the contents of the Ember Web site, as retrieved from the server</dd>
            <dt>futuramerlin-web-toolkit</dt><dd><a href="/ancillary/futuramerlin-web-toolkit/">Futuramerlin Web Toolkit</a></dd>
            <dt>gentoo-wreathe-state</dt><dd><a href="/ancillary/wreathe/">Wreathe</a>: Copy of the Gentoo Portage tree as synced by Wreathe</dd>
            <dt>gunmetal-gray</dt><dd><a href="/ancillary/wreathe/">Wreathe</a>: Platformer computer game</dd>
            <dt>jdownloader</dt><dd><a href="/ancillary/wreathe/">Wreathe</a>: JDownloader (mirror of code to facilitate packaging)</dd>
            <dt>jorgan</dt><dd><a href="/ancillary/wreathe/">Wreathe</a>: JDownloader (forked from discontinued code)</dd>
            <dt>moon-1</dt><dd><a href="/ancillary/wreathe/">Wreathe</a>: Moonlight (forked from discontinued code)</dd>
            <dt>node-spotify-downloader</dt><dd><a href="/ancillary/wreathe/">Wreathe</a>: node-spotify-downloader (forked from discontinued code)</dd>
            <dt>node-spotify-web</dt><dd><a href="/ancillary/wreathe/">Wreathe</a>: node-spotify-web (forked from discontinued code)</dd>
            <dt>unicode-reports</dt><dd><a href="/ancillary/wreathe/">Wreathe</a>: Unicode reports (mirror of documents to facilitate packaging)</dd>
            <dt>warcdealer</dt><dd><a href="/ancillary/warcdealer/">Warcdealer</a></dd>
            <dt>wreathe-base</dt><dd><a href="/ancillary/wreathe/">Wreathe</a> core repository</dd>
            <dt>wreathe-backgrounds</dt><dd><a href="/ancillary/wreathe/">Wreathe</a>: background images</dd>
            <dt>wreathe-charselect</dt><dd><a href="/ancillary/wreathe/">Wreathe</a>: Character selection tool (forked from kcharselect)</dd>
            <dt>wreathe-conf</dt><dd><a href="/ancillary/wreathe/">Wreathe</a>: Configuration files</dd>
            <dt>wreathe-file-manager</dt><dd><a href="/ancillary/wreathe/">Wreathe</a>: File manager (forked from discontinued code)</dd>
            <dt>wreathe-icons</dt><dd><a href="/ancillary/wreathe/">Wreathe</a>: Icons</dd>
            <dt>wreathe-media-resources</dt><dd><a href="/ancillary/wreathe/">Wreathe</a>: Resources for media production</dd>
            <dt>wreathe-office-resources</dt><dd><a href="/ancillary/wreathe/">Wreathe</a>: Resources for office work</dd>
            <dt>wreathe-overlay</dt><dd><a href="/ancillary/wreathe/">Wreathe</a>: Code used to build some packages in Wreathe</dd>
            <dt>wreathe-overlays-redist</dt><dd><a href="/ancillary/wreathe/">Wreathe</a>: Redistributed code used to build some packages in Wreathe</dd>
            <dt>wreathe-package-db</dt><dd><a href="/ancillary/wreathe/">Wreathe</a>: Package information database (not exactly part of Wreathe; rather, this is information <em>regarding</em> Wreathe)</dd>
            <dt>wreathe-packages</dt><dd><a href="/ancillary/wreathe/">Wreathe</a>: Packages (forked from discontinued code)</dd>
            <dt>wreathe-typeface-family</dt><dd><a href="/ancillary/wreathe/">Wreathe</a>: Typefaces used in Wreathe</dd>
            <dt>wreathe-typefaces-redist</dt><dd><a href="/ancillary/wreathe/">Wreathe</a>: Redistributed typefaces used in Wreathe</dd>
            <dt>wreathe-web-filters</dt><dd><a href="/ancillary/wreathe/">Wreathe</a>: Web filters</dd>
            <dt>xulrunner</dt><dd><a href="/ancillary/wreathe/">Wreathe</a>: XULRunner (forked from discontinued code)</dd>
