git://github.com/stefan-langenmaier/brother-overlay.git
https://github.com/ethus3h/compiz-reloaded-overlay.git
git://anongit.gentoo.org/proj/dotnet.git
https://github.com/gentoo-haskell/gentoo-haskell.git
https://github.com/gerddie/gentoo-imaging.git
https://github.com/gentoo-mirror/R_Overlay.git
https://github.com/stintel/gentoo-overlay.git
https://github.com/ethus3h/wreathe-overlay.git
        url = https://github.com/jstedfast/MailKit.git
        url = https://github.com/jstedfast/MimeKit.git
        url = https://github.com/jstedfast/MimeKit.git
        url = https://github.com/jstedfast/Portable.Text.Encoding.git
        url = https://github.com/jstedfast/bc-csharp.git
        url = https://github.com/ethus3h/ember-web-site-wordpress.git
        url = https://github.com/ethus3h/rubberfs.git
        url = https://github.com/ethus3h/internetarchive.git
        url = https://github.com/ethus3h/app-configs.git
        url = https://github.com/ethus3h/arcmaj3.git
        url = https://github.com/ethus3h/arcmaj3-client.git
        url = https://github.com/ethus3h/ember-old-moved-2016apr24a25.git
        url = https://github.com/ethus3h/ember-repositories.git
        url = https://github.com/qnub/onboard-emoji.git
        url = https://github.com/ethus3h/ember-web-site-wordpress.git
        url = https://github.com/ethus3h/rubberfs.git
        url = https://github.com/ethus3h/internetarchive.git
        url = https://github.com/ethus3h/app-configs.git
        url = https://github.com/ethus3h/arcmaj3.git
        url = https://github.com/ethus3h/arcmaj3-client.git
        url = https://github.com/ethus3h/ember-old-moved-2016apr24a25.git
        url = https://github.com/ethus3h/ember-repositories.git
        url = https://github.com/ethus3h/ember-retired-repositories-old-renamed-2017feb07.git
        url = https://github.com/ethus3h/wreathe-old-renamed-2017feb07.git
        url = https://github.com/ethus3h/wreathe-kernel.git
        url = https://github.com/ethus3h/crystal-metadata.git
        url = https://github.com/ethus3h/MailKit-meta.git
        url = https://github.com/ethus3h/node-spotify-downloader-.git
        url = https://github.com/ethus3h/node-spotify-web-.git
        url = https://github.com/ethus3h/futuramerlin-record-label.git
        url = https://github.com/KDE/breeze-icons.git
        url = git://github.com/mono/mono.git
        url = git://anongit.freedesktop.org/mesa/mesa
        url = git://github.com/mono/mono-basic.git
https://github.com/qnub/onboard-emoji.git
